backfilling from 2021-09-17
phase 1: posts
  done: 1 posts, 1 new

phase 2: comments
  comments:    2,500 seen     2,500 new     1 posts rescued   at 2023-07-24
  comments:    5,000 seen     5,000 new     1 posts rescued   at 2023-08-01
  comments:    7,500 seen     7,500 new     1 posts rescued   at 2023-08-09
  comments:   10,000 seen    10,000 new     2 posts rescued   at 2023-08-18
  comments:   12,500 seen    12,500 new     2 posts rescued   at 2023-08-25
  comments:   15,000 seen    15,000 new     3 posts rescued   at 2023-08-29
  comments:   17,500 seen    17,500 new     3 posts rescued   at 2023-09-02
  comments:   20,000 seen    20,000 new     3 posts rescued   at 2023-09-06
    http 422, retrying in 5s
  comments:   22,500 seen    22,500 new     3 posts rescued   at 2023-09-10
  comments:   25,000 seen    25,000 new     3 posts rescued   at 2023-09-15
  comments:   27,500 seen    27,500 new     5 posts rescued   at 2023-09-20
  comments:   30,000 seen    30,000 new     5 posts rescued   at 2023-09-25
  comments:   32,500 seen    32,500 new     6 posts rescued   at 2023-09-30
  comments:   35,000 seen    35,000 new     7 posts rescued   at 2023-10-05
  comments:   37,500 seen    37,500 new     7 posts rescued   at 2023-10-10
  comments:   40,000 seen    40,000 new     8 posts rescued   at 2023-10-15
  comments:   42,500 seen    42,500 new     8 posts rescued   at 2023-10-19
  comments:   45,000 seen    45,000 new     8 posts rescued   at 2023-10-24
  comments:   47,500 seen    47,500 new     8 posts rescued   at 2023-10-30
  comments:   50,000 seen    50,000 new     8 posts rescued   at 2023-11-04
  comments:   52,500 seen    52,500 new     9 posts rescued   at 2023-11-09
  comments:   55,000 seen    55,000 new     9 posts rescued   at 2023-11-13
  comments:   57,500 seen    57,500 new     9 posts rescued   at 2023-11-17
  comments:   60,000 seen    60,000 new    10 posts rescued   at 2023-11-22
  comments:   62,500 seen    62,500 new    11 posts rescued   at 2023-11-27
  comments:   65,000 seen    65,000 new    11 posts rescued   at 2023-12-02
  comments:   67,500 seen    67,500 new    12 posts rescued   at 2023-12-07
  comments:   70,000 seen    70,000 new    12 posts rescued   at 2023-12-13
  comments:   72,500 seen    72,500 new    13 posts rescued   at 2023-12-19
  comments:   75,000 seen    75,000 new    13 posts rescued   at 2023-12-23
  comments:   77,500 seen    77,500 new    14 posts rescued   at 2023-12-28
  comments:   80,000 seen    80,000 new    14 posts rescued   at 2024-01-02
  comments:   82,500 seen    82,500 new    16 posts rescued   at 2024-01-07
  comments:   85,000 seen    85,000 new    17 posts rescued   at 2024-01-11
  comments:   87,500 seen    87,500 new    17 posts rescued   at 2024-01-17
  comments:   90,000 seen    90,000 new    17 posts rescued   at 2024-01-21
  comments:   92,500 seen    92,500 new    20 posts rescued   at 2024-01-24
  comments:   95,000 seen    95,000 new    21 posts rescued   at 2024-01-30
  comments:   97,500 seen    97,500 new    21 posts rescued   at 2024-02-02
  comments:  100,000 seen   100,000 new    22 posts rescued   at 2024-02-07
  comments:  102,500 seen   102,500 new    23 posts rescued   at 2024-02-14
  comments:  105,000 seen   105,000 new    23 posts rescued   at 2024-02-19
  comments:  107,500 seen   107,500 new    24 posts rescued   at 2024-02-24
  comments:  110,000 seen   110,000 new    25 posts rescued   at 2024-02-27
  comments:  112,500 seen   112,500 new    25 posts rescued   at 2024-03-03
  comments:  115,000 seen   115,000 new    25 posts rescued   at 2024-03-07
  comments:  117,417 seen   117,417 new    25 posts rescued   at 2024-03-12
  comments:  119,912 seen   119,912 new    25 posts rescued   at 2024-03-15
  comments:  122,412 seen   122,412 new    27 posts rescued   at 2024-03-21
  comments:  124,912 seen   124,912 new    28 posts rescued   at 2024-03-26
  comments:  127,412 seen   127,412 new    28 posts rescued   at 2024-03-31
  comments:  129,912 seen   129,912 new    28 posts rescued   at 2024-04-04
  comments:  132,412 seen   132,412 new    30 posts rescued   at 2024-04-09
  comments:  134,912 seen   134,912 new    33 posts rescued   at 2024-04-15
  comments:  137,412 seen   137,412 new    33 posts rescued   at 2024-04-19
    http 422, retrying in 5s
  comments:  139,912 seen   139,912 new    34 posts rescued   at 2024-04-25
  comments:  142,412 seen   142,412 new    34 posts rescued   at 2024-04-28
  comments:  144,912 seen   144,912 new    35 posts rescued   at 2024-05-02
  comments:  147,412 seen   147,412 new    35 posts rescued   at 2024-05-09
  comments:  149,912 seen   149,912 new    36 posts rescued   at 2024-05-14
  comments:  152,412 seen   152,412 new    36 posts rescued   at 2024-05-20
  comments:  154,912 seen   154,912 new    36 posts rescued   at 2024-05-25
  comments:  157,412 seen   157,412 new    36 posts rescued   at 2024-05-29
  comments:  159,912 seen   159,912 new    37 posts rescued   at 2024-06-04
  comments:  162,412 seen   162,412 new    39 posts rescued   at 2024-06-10
  comments:  164,912 seen   164,912 new    39 posts rescued   at 2024-06-15
  comments:  167,412 seen   167,412 new    39 posts rescued   at 2024-06-19
  comments:  169,912 seen   169,912 new    39 posts rescued   at 2024-06-23
  comments:  172,412 seen   172,412 new    39 posts rescued   at 2024-06-26
  comments:  174,912 seen   174,912 new    39 posts rescued   at 2024-06-29
  comments:  177,412 seen   177,412 new    39 posts rescued   at 2024-07-04
  comments:  179,912 seen   179,912 new    39 posts rescued   at 2024-07-07
  comments:  182,412 seen   182,412 new    39 posts rescued   at 2024-07-11
  comments:  184,912 seen   184,912 new    39 posts rescued   at 2024-07-14
  comments:  187,412 seen   187,412 new    39 posts rescued   at 2024-07-19
  comments:  189,911 seen   189,911 new    39 posts rescued   at 2024-07-24
    http 422, retrying in 5s
  comments:  192,411 seen   192,411 new    39 posts rescued   at 2024-07-28
  comments:  194,911 seen   194,911 new    40 posts rescued   at 2024-08-02
  comments:  197,411 seen   197,411 new    40 posts rescued   at 2024-08-07
  comments:  199,911 seen   199,911 new    40 posts rescued   at 2024-08-12
  comments:  202,411 seen   202,411 new    40 posts rescued   at 2024-08-15
  comments:  204,911 seen   204,911 new    41 posts rescued   at 2024-08-20
  comments:  207,411 seen   207,411 new    42 posts rescued   at 2024-08-25
    RemoteDisconnected: Remote end closed connection without response, retrying in 5s
  comments:  209,910 seen   209,910 new    42 posts rescued   at 2024-08-29
  comments:  212,410 seen   212,410 new    42 posts rescued   at 2024-09-03
  comments:  214,910 seen   214,910 new    42 posts rescued   at 2024-09-07
  comments:  217,409 seen   217,409 new    42 posts rescued   at 2024-09-14
  comments:  219,909 seen   219,909 new    43 posts rescued   at 2024-09-20
  comments:  222,409 seen   222,409 new    44 posts rescued   at 2024-09-26
  comments:  224,909 seen   224,909 new    44 posts rescued   at 2024-10-02
  comments:  227,409 seen   227,409 new    44 posts rescued   at 2024-10-09
  comments:  229,909 seen   229,909 new    44 posts rescued   at 2024-10-16
  comments:  232,409 seen   232,409 new    45 posts rescued   at 2024-10-22
  comments:  234,909 seen   234,909 new    46 posts rescued   at 2024-10-28
  comments:  237,409 seen   237,409 new    47 posts rescued   at 2024-11-01
  comments:  239,909 seen   239,909 new    48 posts rescued   at 2024-11-10
  comments:  242,409 seen   242,409 new    49 posts rescued   at 2024-11-14
  comments:  244,909 seen   244,909 new    51 posts rescued   at 2024-11-18
  comments:  247,409 seen   247,409 new    52 posts rescued   at 2024-11-23
  comments:  249,909 seen   249,909 new    52 posts rescued   at 2024-11-29
  comments:  252,409 seen   252,409 new    52 posts rescued   at 2024-12-03
  comments:  254,909 seen   254,909 new    52 posts rescued   at 2024-12-07
  comments:  257,409 seen   257,409 new    52 posts rescued   at 2024-12-12
  comments:  259,909 seen   259,909 new    52 posts rescued   at 2024-12-16
  comments:  262,409 seen   262,409 new    52 posts rescued   at 2024-12-20
  comments:  264,909 seen   264,909 new    53 posts rescued   at 2024-12-24
  comments:  267,409 seen   267,409 new    53 posts rescued   at 2024-12-28
  comments:  269,909 seen   269,909 new    53 posts rescued   at 2025-01-01
  comments:  272,409 seen   272,409 new    54 posts rescued   at 2025-01-05
  comments:  274,909 seen   274,909 new    54 posts rescued   at 2025-01-08
  comments:  277,409 seen   277,374 new    54 posts rescued   at 2025-01-12
  comments:  279,909 seen   279,874 new    54 posts rescued   at 2025-01-15
  comments:  282,409 seen   282,374 new    55 posts rescued   at 2025-01-19
  comments:  284,909 seen   284,874 new    55 posts rescued   at 2025-01-24
  comments:  287,409 seen   287,374 new    55 posts rescued   at 2025-01-28
  comments:  289,909 seen   289,874 new    55 posts rescued   at 2025-01-31
  comments:  292,409 seen   292,374 new    55 posts rescued   at 2025-02-04
  comments:  294,909 seen   294,874 new    55 posts rescued   at 2025-02-07
  comments:  297,409 seen   297,374 new    55 posts rescued   at 2025-02-11
  comments:  299,909 seen   299,874 new    55 posts rescued   at 2025-02-14
  comments:  302,409 seen   302,374 new    55 posts rescued   at 2025-02-19
  comments:  304,909 seen   304,874 new    55 posts rescued   at 2025-02-22
  comments:  307,409 seen   307,374 new    55 posts rescued   at 2025-02-25
  comments:  309,909 seen   309,874 new    55 posts rescued   at 2025-02-28
  comments:  312,409 seen   312,374 new    56 posts rescued   at 2025-03-04
  comments:  314,909 seen   314,874 new    58 posts rescued   at 2025-03-07
  comments:  317,409 seen   317,374 new    58 posts rescued   at 2025-03-11
  comments:  319,909 seen   319,874 new    58 posts rescued   at 2025-03-16
  comments:  322,409 seen   322,374 new    58 posts rescued   at 2025-03-20
  comments:  324,909 seen   324,874 new    58 posts rescued   at 2025-03-24
  comments:  327,409 seen   327,374 new    58 posts rescued   at 2025-03-27
